OpenROAD unknown 
Features included (+) or not (-): -GPU +GUI -Python
This program is licensed under the BSD-3 license. See the LICENSE file for details.
Components of this program may be licensed under more restrictive licenses which must be honored.
[INFO ORD-0030] Using 16 thread(s).
read_liberty /OpenROAD-flow-scripts/flow/platforms/nangate45/lib/NangateOpenCellLibrary_typical.lib
read_liberty /OpenROAD-flow-scripts/flow/designs/nangate45/tinyRocket/fakeram45_1024x32.lib
read_liberty /OpenROAD-flow-scripts/flow/designs/nangate45/tinyRocket/fakeram45_64x32.lib
[INFO ODB-0227] LEF file: /OpenROAD-flow-scripts/flow/platforms/nangate45/lef/NangateOpenCellLibrary.tech.lef, created 22 layers, 27 vias
[INFO ODB-0227] LEF file: /OpenROAD-flow-scripts/flow/platforms/nangate45/lef/NangateOpenCellLibrary.macro.mod.lef, created 135 library cells
[INFO ODB-0227] LEF file: /OpenROAD-flow-scripts/flow/designs/nangate45/tinyRocket/fakeram45_1024x32.lef, created 1 library cells
[INFO ODB-0227] LEF file: /OpenROAD-flow-scripts/flow/designs/nangate45/tinyRocket/fakeram45_64x32.lef, created 1 library cells
link_design RocketTile
read_sdc /work/results/nangate45/tinyRocket/base/1_2_yosys.sdc
source /OpenROAD-flow-scripts/flow/platforms/nangate45/setRC.tcl
eliminate_dead_logic
Removed 738 unused instances and 860 unused nets.
Design area 53426 um^2 100% utilization.
write_db /work/results/nangate45/tinyRocket/base/1_synth.odb
write_sdc -no_timestamp /work/results/nangate45/tinyRocket/base/1_synth.sdc
Elapsed time: 0:00.73[h:]min:sec. CPU time: user 0.63 sys 0.09 (99%). Peak memory: 169240KB.
Log                       Ext     Elapsed/s Peak Memory/MB sha1sum result [0:20)
1_synth                   .odb            0            165 08daaac67c6e9719b122
1_synth                   .sdc                             934708da7bde60b348d4
