OpenROAD unknown 
Features included (+) or not (-): -GPU +GUI -Python
This program is licensed under the BSD-3 license. See the LICENSE file for details.
Components of this program may be licensed under more restrictive licenses which must be honored.
[INFO ORD-0030] Using 16 thread(s).
read_liberty /OpenROAD-flow-scripts/flow/platforms/nangate45/lib/NangateOpenCellLibrary_typical.lib
read_liberty /OpenROAD-flow-scripts/flow/designs/nangate45/tinyRocket/fakeram45_1024x32.lib
read_liberty /OpenROAD-flow-scripts/flow/designs/nangate45/tinyRocket/fakeram45_64x32.lib
read_db /work/results/nangate45/tinyRocket/base/3_3_place_gp.odb
read_sdc /work/results/nangate45/tinyRocket/base/2_floorplan.sdc
source /OpenROAD-flow-scripts/flow/platforms/nangate45/setRC.tcl
estimate_parasitics -placement
Perform buffer insertion and gate resizing...
repair_design -verbose
Iteration |   Area    | Resized | Buffers | Nets repaired | Remaining
---------------------------------------------------------------------
        0 |     +0.0% |       0 |       0 |             0 |     33618
     1000 |     +0.0% |       0 |       0 |             0 |     32618
     2000 |     +0.0% |       0 |       0 |             0 |     31618
     3000 |     +0.0% |       0 |       0 |             0 |     30618
     4000 |     +0.0% |       0 |       0 |             0 |     29618
     5000 |     +0.0% |       0 |       0 |             0 |     28618
     6000 |     +0.0% |       0 |       0 |             0 |     27618
     7000 |     +0.0% |       0 |       0 |             0 |     26618
     8000 |     +0.0% |       0 |       0 |             0 |     25618
     9000 |     +0.0% |       0 |       0 |             0 |     24618
    10000 |     +0.0% |       0 |       1 |             1 |     23618
    11000 |     +0.0% |       0 |       8 |             8 |     22618
    12000 |     +0.0% |       0 |       9 |             9 |     21618
    13000 |     +0.0% |       0 |      10 |            10 |     20618
    14000 |     +0.0% |       0 |      11 |            11 |     19618
    15000 |     +0.0% |       0 |      13 |            13 |     18618
    16000 |     +0.0% |       0 |      14 |            14 |     17618
    17000 |     +0.0% |       0 |      15 |            15 |     16618
    18000 |     +0.1% |       0 |      17 |            17 |     15618
    19000 |     +0.1% |       0 |      17 |            17 |     14618
    20000 |     +0.1% |       0 |      20 |            20 |     13618
    21000 |     +0.1% |       0 |      20 |            20 |     12618
    22000 |     +0.1% |       0 |      20 |            20 |     11618
    23000 |     +0.1% |       0 |      21 |            21 |     10618
    24000 |     +0.1% |       0 |      21 |            21 |      9618
    25000 |     +0.1% |       0 |      22 |            22 |      8618
    26000 |     +0.1% |       0 |      22 |            22 |      7618
    27000 |     +0.1% |       0 |      22 |            22 |      6618
    28000 |     +0.1% |       0 |      22 |            22 |      5618
    29000 |     +0.1% |       0 |      22 |            22 |      4618
    30000 |     +0.1% |       0 |      22 |            22 |      3618
    31000 |     +0.1% |       0 |      22 |            22 |      2618
    32000 |     +0.1% |       0 |      22 |            22 |      1618
    33000 |     +0.1% |       0 |      22 |            22 |       618
    final |     +0.1% |       0 |      22 |            22 |         0
---------------------------------------------------------------------
[INFO RSZ-0036] Found 22 capacitance violations.
[INFO RSZ-0038] Inserted 22 buffers in 22 nets.
[INFO RSZ-0504] Runtime: 1.80s
Floating nets: 
Report metrics stage 3, resizer...

==========================================================================
resizer report_design_area
--------------------------------------------------------------------------
Design area 54091 um^2 61% utilization.
Instance count before 28487, after 28509
Pin count before 101760, after 101804
write_db /work/results/nangate45/tinyRocket/base/3_4_place_resized.odb
Elapsed time: 0:10.14[h:]min:sec. CPU time: user 14.59 sys 2.69 (170%). Peak memory: 240396KB.
Log                       Ext     Elapsed/s Peak Memory/MB sha1sum result [0:20)
3_4_place_resized         .odb           10            234 fe846805b848604a4bbb
