OpenROAD unknown 
Features included (+) or not (-): -GPU +GUI -Python
This program is licensed under the BSD-3 license. See the LICENSE file for details.
Components of this program may be licensed under more restrictive licenses which must be honored.
[INFO ORD-0030] Using 16 thread(s).
read_liberty /OpenROAD-flow-scripts/flow/platforms/nangate45/lib/NangateOpenCellLibrary_typical.lib
read_liberty /OpenROAD-flow-scripts/flow/designs/nangate45/tinyRocket/fakeram45_1024x32.lib
read_liberty /OpenROAD-flow-scripts/flow/designs/nangate45/tinyRocket/fakeram45_64x32.lib
read_db /work/results/nangate45/tinyRocket/base/6_1_fill.odb
read_sdc /work/results/nangate45/tinyRocket/base/6_1_fill.sdc
source /OpenROAD-flow-scripts/flow/platforms/nangate45/setRC.tcl
write_db /work/results/nangate45/tinyRocket/base/6_final.odb
write_sdc -no_timestamp /work/results/nangate45/tinyRocket/base/6_final.sdc
Deleted 0 routing obstructions
[INFO RCX-0431] Defined process_corner X with ext_model_index 0
[INFO RCX-0029] Defined extraction corner X
[INFO RCX-0435] Reading extraction model file /OpenROAD-flow-scripts/flow/platforms/nangate45/rcx_patterns.rules ...
[INFO RCX-0436] RC segment generation RocketTile (max_merge_res 50.0) ...
[INFO RCX-0040] Final 124281 rc segments
[INFO RCX-0439] Coupling Cap extraction RocketTile ...
[INFO RCX-0440] Coupling threshhold is 0.1000 fF, coupling capacitance less than 0.1000 fF will be grounded.
[INFO RCX-0442] 20% of 211946 wires extracted
[INFO RCX-0442] 48% of 211946 wires extracted
[INFO RCX-0442] 71% of 211946 wires extracted
[INFO RCX-0442] 100% of 211946 wires extracted
[INFO RCX-0045] Extract 34397 nets, 154264 rsegs, 154265 caps, 349255 ccs
[INFO RCX-0443] 34397 nets finished
[INFO PSM-0040] All shapes on net VDD are connected.
########## IR report #################
Net              : VDD
Corner           : default
Total power      : 8.80e-02 W
Supply voltage   : 1.10e+00 V
Worstcase voltage: 1.07e+00 V
Average voltage  : 1.09e+00 V
Average IR drop  : 6.09e-03 V
Worstcase IR drop: 2.62e-02 V
Percentage drop  : 2.38 %
######################################
[INFO PSM-0040] All shapes on net VSS are connected.
########## IR report #################
Net              : VSS
Corner           : default
Total power      : 8.80e-02 W
Supply voltage   : 0.00e+00 V
Worstcase voltage: 1.25e-02 V
Average voltage  : 4.97e-03 V
Average IR drop  : 4.97e-03 V
Worstcase IR drop: 1.25e-02 V
Percentage drop  : 1.14 %
######################################
Cell type report:                       Count       Area
  Macro                                     2    2481.25
  Fill cell                             27128   31997.94
  Tap cell                                799     212.53
  Clock buffer                            839    1008.41
  Timing Repair Buffer                   2501    2807.63
  Inverter                               1874    1003.88
  Clock inverter                          243     183.01
  Sequential cell                        3913   17705.76
  Multi-Input combinational cell        19545   30483.87
  Total                                 56844   87884.27
Report metrics stage 6, finish...

==========================================================================
finish report_design_area
--------------------------------------------------------------------------
Design area 55886 um^2 63% utilization.
[WARNING GUI-0010] File path does not end with a valid extension, new path is: /work/reports/nangate45/tinyRocket/base/final_all.webp.png
[WARNING GUI-0010] File path does not end with a valid extension, new path is: /work/reports/nangate45/tinyRocket/base/final_routing.webp.png
[WARNING GUI-0010] File path does not end with a valid extension, new path is: /work/reports/nangate45/tinyRocket/base/final_placement.webp.png
[WARNING GUI-0010] File path does not end with a valid extension, new path is: /work/reports/nangate45/tinyRocket/base/final_ir_drop.webp.png
[WARNING GUI-0010] File path does not end with a valid extension, new path is: /work/reports/nangate45/tinyRocket/base/final_clocks.webp.png
[WARNING GUI-0010] File path does not end with a valid extension, new path is: /work/reports/nangate45/tinyRocket/base/cts_default_core_clock.webp.png
[WARNING GUI-0010] File path does not end with a valid extension, new path is: /work/reports/nangate45/tinyRocket/base/cts_default_core_clock_layout.webp.png
[WARNING GUI-0010] File path does not end with a valid extension, new path is: /work/reports/nangate45/tinyRocket/base/final_resizer.webp.png
[WARNING GUI-0010] File path does not end with a valid extension, new path is: /work/reports/nangate45/tinyRocket/base/final_congestion.webp.png
[WARNING GUI-0010] File path does not end with a valid extension, new path is: /work/reports/nangate45/tinyRocket/base/final_worst_path.webp.png
Elapsed time: 0:29.82[h:]min:sec. CPU time: user 37.91 sys 5.06 (144%). Peak memory: 712856KB.
Log                       Ext     Elapsed/s Peak Memory/MB sha1sum result [0:20)
6_report                                 29            696                  N/A
