OpenROAD unknown 
Features included (+) or not (-): -GPU +GUI -Python
This program is licensed under the BSD-3 license. See the LICENSE file for details.
Components of this program may be licensed under more restrictive licenses which must be honored.
[INFO ORD-0030] Using 16 thread(s).
read_liberty /OpenROAD-flow-scripts/flow/platforms/nangate45/lib/NangateOpenCellLibrary_typical.lib
read_liberty /OpenROAD-flow-scripts/flow/designs/nangate45/tinyRocket/fakeram45_1024x32.lib
read_liberty /OpenROAD-flow-scripts/flow/designs/nangate45/tinyRocket/fakeram45_64x32.lib
read_db /work/tinyRocket/18b7966f4e91c8d5/orfs/results/nangate45/tinyRocket/base/3_3_place_gp.odb
read_sdc /work/tinyRocket/18b7966f4e91c8d5/orfs/results/nangate45/tinyRocket/base/2_floorplan.sdc
source /OpenROAD-flow-scripts/flow/platforms/nangate45/setRC.tcl
estimate_parasitics -placement
Perform buffer insertion and gate resizing...
repair_design -verbose
Iteration |   Area    | Resized | Buffers | Nets repaired | Remaining
---------------------------------------------------------------------
        0 |     +0.0% |       0 |       0 |             0 |     31517
     1000 |     +0.0% |       9 |      13 |            11 |     30517
     2000 |     +0.1% |      17 |      22 |            20 |     29517
     3000 |     +0.3% |      48 |      57 |            54 |     28517
     4000 |     +0.3% |      50 |      62 |            60 |     27517
     5000 |     +0.3% |      54 |      66 |            64 |     26517
     6000 |     +0.3% |      55 |      67 |            66 |     25517
     7000 |     +0.3% |      57 |      76 |            69 |     24517
     8000 |     +0.3% |      59 |      79 |            73 |     23517
     9000 |     +0.4% |      70 |      97 |            84 |     22517
    10000 |     +0.6% |      96 |     164 |           102 |     21517
    11000 |     +0.8% |     121 |     213 |           134 |     20517
    12000 |     +0.9% |     125 |     241 |           153 |     19517
    13000 |     +0.9% |     134 |     252 |           167 |     18517
    14000 |     +1.0% |     137 |     258 |           176 |     17517
    15000 |     +1.0% |     159 |     282 |           203 |     16517
    16000 |     +1.1% |     166 |     296 |           214 |     15517
    17000 |     +1.1% |     170 |     303 |           223 |     14517
    18000 |     +1.1% |     170 |     303 |           223 |     13517
    19000 |     +1.1% |     172 |     306 |           226 |     12517
    20000 |     +1.2% |     188 |     333 |           248 |     11517
    21000 |     +1.3% |     191 |     337 |           254 |     10517
    22000 |     +1.3% |     192 |     338 |           256 |      9517
    23000 |     +1.4% |     206 |     366 |           275 |      8517
    24000 |     +1.4% |     241 |     379 |           309 |      7517
    25000 |     +1.5% |     248 |     390 |           318 |      6517
    26000 |     +1.6% |     284 |     417 |           360 |      5517
    27000 |     +1.7% |     291 |     428 |           375 |      4517
    28000 |     +1.7% |     291 |     428 |           375 |      3517
    29000 |     +1.7% |     291 |     428 |           375 |      2517
    30000 |     +1.7% |     291 |     428 |           375 |      1517
    31000 |     +1.7% |     291 |     428 |           375 |       517
    final |     +1.7% |     295 |     436 |           379 |         0
---------------------------------------------------------------------
[INFO RSZ-0034] Found 263 slew violations.
[INFO RSZ-0035] Found 63 fanout violations.
[INFO RSZ-0036] Found 208 capacitance violations.
[INFO RSZ-0039] Resized 295 instances.
[INFO RSZ-0038] Inserted 436 buffers in 379 nets.
[INFO RSZ-0504] Runtime: 3.15s
Floating nets: 
Report metrics stage 3, resizer...

==========================================================================
resizer report_design_area
--------------------------------------------------------------------------
Design area 52641 um^2 59% utilization.
Instance count before 26386, after 26822
Pin count before 97558, after 98430
write_db /work/tinyRocket/18b7966f4e91c8d5/orfs/results/nangate45/tinyRocket/base/3_4_place_resized.odb
Elapsed time: 0:11.48[h:]min:sec. CPU time: user 18.60 sys 3.56 (193%). Peak memory: 238912KB.
Log                       Ext     Elapsed/s Peak Memory/MB sha1sum result [0:20)
3_4_place_resized         .odb           11            233 a6bc94508d893e71c196
