OpenROAD unknown 
Features included (+) or not (-): -GPU +GUI -Python
This program is licensed under the BSD-3 license. See the LICENSE file for details.
Components of this program may be licensed under more restrictive licenses which must be honored.
[INFO ORD-0030] Using 16 thread(s).
read_liberty /OpenROAD-flow-scripts/flow/platforms/nangate45/lib/NangateOpenCellLibrary_typical.lib
read_liberty /OpenROAD-flow-scripts/flow/designs/nangate45/tinyRocket/fakeram45_1024x32.lib
read_liberty /OpenROAD-flow-scripts/flow/designs/nangate45/tinyRocket/fakeram45_64x32.lib
read_db /work/tinyRocket/18b7966f4e91c8d5/orfs/results/nangate45/tinyRocket/base/5_1_grt.odb
read_sdc /work/tinyRocket/18b7966f4e91c8d5/orfs/results/nangate45/tinyRocket/base/5_1_grt.sdc
source /OpenROAD-flow-scripts/flow/platforms/nangate45/setRC.tcl
detailed_route -output_drc /work/tinyRocket/18b7966f4e91c8d5/orfs/reports/nangate45/tinyRocket/base/5_route_drc.rpt -output_maze /work/tinyRocket/18b7966f4e91c8d5/orfs/results/nangate45/tinyRocket/base/maze.log -droute_end_iter 64 -verbose 1 -drc_report_iter_step 5
[INFO DRT-0149] Reading tech and libs.

Units:                2000
Number of layers:     21
Number of macros:     137
Number of vias:       36
Number of viarulegen: 19

[INFO DRT-0150] Reading design.

Design:                   RocketTile
Die area:                 ( 0 0 ) ( 604800 604800 )
Number of track patterns: 20
Number of DEF vias:       0
Number of components:     28181
Number of terminals:      271
Number of snets:          2
Number of nets:           32864

[INFO DRT-0167] List of default vias:
  Layer via2
    default via: via2_5
  Layer via3
    default via: via3_2
  Layer via4
    default via: via4_0
  Layer via5
    default via: via5_0
  Layer via6
    default via: via6_0
  Layer via7
    default via: via7_0
  Layer via8
    default via: via8_0
  Layer via9
    default via: via9_0
[INFO DRT-0162] Library cell analysis.
[INFO DRT-0163] Instance analysis.
[INFO DRT-0164] Number of unique instances = 176.
[INFO DRT-0168] Init region query.
[INFO DRT-0024]   Complete active.
[INFO DRT-0024]   Complete Fr_VIA.
[INFO DRT-0024]   Complete metal1.
[INFO DRT-0024]   Complete via1.
[INFO DRT-0024]   Complete metal2.
[INFO DRT-0024]   Complete via2.
[INFO DRT-0024]   Complete metal3.
[INFO DRT-0024]   Complete via3.
[INFO DRT-0024]   Complete metal4.
[INFO DRT-0024]   Complete via4.
[INFO DRT-0024]   Complete metal5.
[INFO DRT-0024]   Complete via5.
[INFO DRT-0024]   Complete metal6.
[INFO DRT-0024]   Complete via6.
[INFO DRT-0024]   Complete metal7.
[INFO DRT-0024]   Complete via7.
[INFO DRT-0024]   Complete metal8.
[INFO DRT-0024]   Complete via8.
[INFO DRT-0024]   Complete metal9.
[INFO DRT-0024]   Complete via9.
[INFO DRT-0024]   Complete metal10.
[INFO DRT-0033] active shape region query size = 0.
[INFO DRT-0033] FR_VIA shape region query size = 0.
[INFO DRT-0033] metal1 shape region query size = 583470.
[INFO DRT-0033] via1 shape region query size = 3522.
[INFO DRT-0033] metal2 shape region query size = 2350.
[INFO DRT-0033] via2 shape region query size = 3522.
[INFO DRT-0033] metal3 shape region query size = 2772.
[INFO DRT-0033] via3 shape region query size = 3522.
[INFO DRT-0033] metal4 shape region query size = 1407.
[INFO DRT-0033] via4 shape region query size = 1328.
[INFO DRT-0033] metal5 shape region query size = 412.
[INFO DRT-0033] via5 shape region query size = 1532.
[INFO DRT-0033] metal6 shape region query size = 521.
[INFO DRT-0033] via6 shape region query size = 600.
[INFO DRT-0033] metal7 shape region query size = 170.
[INFO DRT-0033] via7 shape region query size = 0.
[INFO DRT-0033] metal8 shape region query size = 0.
[INFO DRT-0033] via8 shape region query size = 0.
[INFO DRT-0033] metal9 shape region query size = 0.
[INFO DRT-0033] via9 shape region query size = 0.
[INFO DRT-0033] metal10 shape region query size = 0.
[INFO DRT-0165] Start pin access.
[INFO DRT-0076]   Complete 1000 pins.
[INFO DRT-0078]   Complete 1238 pins.
[INFO DRT-0079]   Complete 100 unique inst patterns.
[INFO DRT-0081]   Complete 174 unique inst patterns.
[INFO DRT-0082]   Complete 10000 groups.
[INFO DRT-0084]   Complete 14081 groups.
#scanned instances     = 28181
#unique  instances     = 176
#stdCellGenAp          = 6643
#stdCellValidPlanarAp  = 0
#stdCellValidViaAp     = 4513
#stdCellPinNoAp        = 0
#stdCellPinCnt         = 100499
#instTermValidViaApCnt = 0
#macroGenAp            = 210
#macroValidPlanarAp    = 210
#macroValidViaAp       = 0
#macroNoAp             = 0
[INFO DRT-0166] Complete pin access.
[INFO DRT-0267] cpu time = 00:06:31, elapsed time = 00:00:27, memory = 423.63 (MB), peak = 433.95 (MB)
[INFO DRT-0156] guideIn read 100000 guides.
[INFO DRT-0156] guideIn read 200000 guides.

[INFO DRT-0157] Number of guides:     241660

[INFO DRT-0169] Post process guides.
[INFO DRT-0176] GCELLGRID X 0 DO 106 STEP 5700 ;
[INFO DRT-0177] GCELLGRID Y 0 DO 106 STEP 5700 ;
[INFO DRT-0026]   Complete 100000 origin guides.
[INFO DRT-0026]   Complete 200000 origin guides.
[INFO DRT-0028]   Complete active.
[INFO DRT-0028]   Complete Fr_VIA.
[INFO DRT-0028]   Complete metal1.
[INFO DRT-0028]   Complete via1.
[INFO DRT-0028]   Complete metal2.
[INFO DRT-0028]   Complete via2.
[INFO DRT-0028]   Complete metal3.
[INFO DRT-0028]   Complete via3.
[INFO DRT-0028]   Complete metal4.
[INFO DRT-0028]   Complete via4.
[INFO DRT-0028]   Complete metal5.
[INFO DRT-0028]   Complete via5.
[INFO DRT-0028]   Complete metal6.
[INFO DRT-0028]   Complete via6.
[INFO DRT-0028]   Complete metal7.
[INFO DRT-0028]   Complete via7.
[INFO DRT-0028]   Complete metal8.
[INFO DRT-0028]   Complete via8.
[INFO DRT-0028]   Complete metal9.
[INFO DRT-0028]   Complete via9.
[INFO DRT-0028]   Complete metal10.
[INFO DRT-0178] Init guide query.
[INFO DRT-0035]   Complete active (guide).
[INFO DRT-0035]   Complete Fr_VIA (guide).
[INFO DRT-0035]   Complete metal1 (guide).
[INFO DRT-0035]   Complete via1 (guide).
[INFO DRT-0035]   Complete metal2 (guide).
[INFO DRT-0035]   Complete via2 (guide).
[INFO DRT-0035]   Complete metal3 (guide).
[INFO DRT-0035]   Complete via3 (guide).
[INFO DRT-0035]   Complete metal4 (guide).
[INFO DRT-0035]   Complete via4 (guide).
[INFO DRT-0035]   Complete metal5 (guide).
[INFO DRT-0035]   Complete via5 (guide).
[INFO DRT-0035]   Complete metal6 (guide).
[INFO DRT-0035]   Complete via6 (guide).
[INFO DRT-0035]   Complete metal7 (guide).
[INFO DRT-0035]   Complete via7 (guide).
[INFO DRT-0035]   Complete metal8 (guide).
[INFO DRT-0035]   Complete via8 (guide).
[INFO DRT-0035]   Complete metal9 (guide).
[INFO DRT-0035]   Complete via9 (guide).
[INFO DRT-0035]   Complete metal10 (guide).
[INFO DRT-0036] active guide region query size = 0.
[INFO DRT-0036] FR_VIA guide region query size = 0.
[INFO DRT-0036] metal1 guide region query size = 78779.
[INFO DRT-0036] via1 guide region query size = 0.
[INFO DRT-0036] metal2 guide region query size = 67304.
[INFO DRT-0036] via2 guide region query size = 0.
[INFO DRT-0036] metal3 guide region query size = 38610.
[INFO DRT-0036] via3 guide region query size = 0.
[INFO DRT-0036] metal4 guide region query size = 9143.
[INFO DRT-0036] via4 guide region query size = 0.
[INFO DRT-0036] metal5 guide region query size = 4433.
[INFO DRT-0036] via5 guide region query size = 0.
[INFO DRT-0036] metal6 guide region query size = 1517.
[INFO DRT-0036] via6 guide region query size = 0.
[INFO DRT-0036] metal7 guide region query size = 366.
[INFO DRT-0036] via7 guide region query size = 0.
[INFO DRT-0036] metal8 guide region query size = 147.
[INFO DRT-0036] via8 guide region query size = 0.
[INFO DRT-0036] metal9 guide region query size = 53.
[INFO DRT-0036] via9 guide region query size = 0.
[INFO DRT-0036] metal10 guide region query size = 9.
[INFO DRT-0179] Init gr pin query.
[INFO DRT-0267] cpu time = 00:00:00, elapsed time = 00:00:00, memory = 517.79 (MB), peak = 516.43 (MB)
[INFO DRT-0245] skipped writing guide updates to database.
[INFO DRT-0181] Start track assignment.
[INFO DRT-0184] Done with 78120 vertical wires in 3 frboxes and 122241 horizontal wires in 3 frboxes.
[INFO DRT-0186] Done with 24874 vertical wires in 3 frboxes and 27031 horizontal wires in 3 frboxes.
[INFO DRT-0182] Complete track assignment.
[INFO DRT-0267] cpu time = 00:00:12, elapsed time = 00:00:06, memory = 688.62 (MB), peak = 904.70 (MB)
[INFO DRT-0187] Start routing data preparation.
[INFO DRT-0267] cpu time = 00:00:00, elapsed time = 00:00:00, memory = 690.32 (MB), peak = 904.70 (MB)
[INFO DRT-0194] Start detail routing.
[INFO DRT-0195] Start 0th optimization iteration.
    Completing 10% with 0 violations.
    elapsed time = 00:00:03, memory = 1165.40 (MB).
    Completing 20% with 0 violations.
    elapsed time = 00:00:09, memory = 1448.33 (MB).
    Completing 30% with 1619 violations.
    elapsed time = 00:00:22, memory = 1585.39 (MB).
    Completing 40% with 1619 violations.
    elapsed time = 00:00:27, memory = 1620.15 (MB).
    Completing 50% with 1619 violations.
    elapsed time = 00:00:36, memory = 1585.64 (MB).
    Completing 60% with 3193 violations.
    elapsed time = 00:00:39, memory = 1658.60 (MB).
    Completing 70% with 3193 violations.
    elapsed time = 00:00:44, memory = 1658.16 (MB).
    Completing 80% with 4501 violations.
    elapsed time = 00:00:51, memory = 1650.54 (MB).
    Completing 90% with 4501 violations.
    elapsed time = 00:00:57, memory = 1796.58 (MB).
    Completing 100% with 5879 violations.
    elapsed time = 00:01:09, memory = 1807.43 (MB).
[INFO DRT-0199]   Number of violations = 8301.
Viol/Layer      metal1   via1 metal2   via2 metal3   via3 metal4   via4 metal5   via5 metal6   via6 metal7 metal8
Cut Spacing          0      7      0     16      0      0      0     24      0      7      0      1      0      0
Metal Spacing        2      0    559      0     80      0      8      0     13      0      1      0     13      0
Recheck             22      0   1256      0    904      0     82      0    117      0     20      0     20      1
Short                0      5   4003     17    791      6    140      3    138      1     22      8     13      1
[INFO DRT-0267] cpu time = 00:10:38, elapsed time = 00:01:10, memory = 1807.71 (MB), peak = 2012.41 (MB)
Total wire length = 513870 um.
Total wire length on LAYER metal1 = 0 um.
Total wire length on LAYER metal2 = 141147 um.
Total wire length on LAYER metal3 = 180459 um.
Total wire length on LAYER metal4 = 76922 um.
Total wire length on LAYER metal5 = 67797 um.
Total wire length on LAYER metal6 = 33349 um.
Total wire length on LAYER metal7 = 8907 um.
Total wire length on LAYER metal8 = 3219 um.
Total wire length on LAYER metal9 = 1705 um.
Total wire length on LAYER metal10 = 361 um.
Total number of vias = 214374.
Up-via summary (total 214374):

-----------------
 active         0
 metal1     96670
 metal2     95892
 metal3     12461
 metal4      6131
 metal5      2423
 metal6       503
 metal7       196
 metal8        82
 metal9        16
-----------------
       214374


[INFO DRT-0195] Start 1st optimization iteration.
    Completing 10% with 8301 violations.
    elapsed time = 00:00:02, memory = 1819.16 (MB).
    Completing 20% with 8301 violations.
    elapsed time = 00:00:07, memory = 1873.86 (MB).
    Completing 30% with 7074 violations.
    elapsed time = 00:00:25, memory = 1896.96 (MB).
    Completing 40% with 7074 violations.
    elapsed time = 00:00:29, memory = 1921.17 (MB).
    Completing 50% with 7074 violations.
    elapsed time = 00:00:42, memory = 1883.63 (MB).
    Completing 60% with 5934 violations.
    elapsed time = 00:00:45, memory = 1904.83 (MB).
    Completing 70% with 5934 violations.
    elapsed time = 00:00:51, memory = 1915.81 (MB).
    Completing 80% with 4747 violations.
    elapsed time = 00:00:59, memory = 1879.85 (MB).
    Completing 90% with 4747 violations.
    elapsed time = 00:01:02, memory = 1899.80 (MB).
    Completing 100% with 3582 violations.
    elapsed time = 00:01:12, memory = 1883.48 (MB).
[INFO DRT-0199]   Number of violations = 3582.
Viol/Layer        via1 metal2   via2 metal3 metal4   via4 metal5   via5 metal6
Cut Spacing          4      0     11      0      0      8      0      1      0
Metal Spacing        0    608      0     35      5      0      1      0      0
Short                0   2562      0    314      3      0     17      0     13
[INFO DRT-0267] cpu time = 00:09:34, elapsed time = 00:01:13, memory = 1893.74 (MB), peak = 2078.84 (MB)
Total wire length = 510872 um.
Total wire length on LAYER metal1 = 0 um.
Total wire length on LAYER metal2 = 140010 um.
Total wire length on LAYER metal3 = 179412 um.
Total wire length on LAYER metal4 = 76610 um.
Total wire length on LAYER metal5 = 67561 um.
Total wire length on LAYER metal6 = 33235 um.
Total wire length on LAYER metal7 = 8857 um.
Total wire length on LAYER metal8 = 3166 um.
Total wire length on LAYER metal9 = 1661 um.
Total wire length on LAYER metal10 = 356 um.
Total number of vias = 212418.
Up-via summary (total 212418):

-----------------
 active         0
 metal1     96700
 metal2     94297
 metal3     12298
 metal4      6002
 metal5      2387
 metal6       468
 metal7       178
 metal8        74
 metal9        14
-----------------
       212418


[INFO DRT-0195] Start 2nd optimization iteration.
    Completing 10% with 3582 violations.
    elapsed time = 00:00:01, memory = 1927.70 (MB).
    Completing 20% with 3582 violations.
    elapsed time = 00:00:06, memory = 1928.14 (MB).
    Completing 30% with 3496 violations.
    elapsed time = 00:00:18, memory = 1891.16 (MB).
    Completing 40% with 3496 violations.
    elapsed time = 00:00:22, memory = 1901.93 (MB).
    Completing 50% with 3496 violations.
    elapsed time = 00:00:35, memory = 1889.96 (MB).
    Completing 60% with 3417 violations.
    elapsed time = 00:00:37, memory = 1917.97 (MB).
    Completing 70% with 3417 violations.
    elapsed time = 00:00:43, memory = 1958.84 (MB).
    Completing 80% with 3363 violations.
    elapsed time = 00:00:50, memory = 1915.51 (MB).
    Completing 90% with 3363 violations.
    elapsed time = 00:00:54, memory = 1961.95 (MB).
    Completing 100% with 3191 violations.
    elapsed time = 00:01:06, memory = 1915.30 (MB).
[INFO DRT-0199]   Number of violations = 3191.
Viol/Layer        via1 metal2   via2 metal3 metal4   via4 metal5   via5 metal6 metal8
Cut Spacing          4      0      7      0      0      4      0      3      0      0
Metal Spacing        0    510      0     30      4      0      0      0      0      0
Short                0   2292      1    306     17      0      9      0      1      3
[INFO DRT-0267] cpu time = 00:08:37, elapsed time = 00:01:07, memory = 1923.43 (MB), peak = 2106.33 (MB)
Total wire length = 510247 um.
Total wire length on LAYER metal1 = 0 um.
Total wire length on LAYER metal2 = 139832 um.
Total wire length on LAYER metal3 = 179392 um.
Total wire length on LAYER metal4 = 76390 um.
Total wire length on LAYER metal5 = 67384 um.
Total wire length on LAYER metal6 = 33240 um.
Total wire length on LAYER metal7 = 8860 um.
Total wire length on LAYER metal8 = 3144 um.
Total wire length on LAYER metal9 = 1644 um.
Total wire length on LAYER metal10 = 356 um.
Total number of vias = 212254.
Up-via summary (total 212254):

-----------------
 active         0
 metal1     96693
 metal2     94234
 metal3     12307
 metal4      5937
 metal5      2362
 metal6       466
 metal7       171
 metal8        70
 metal9        14
-----------------
       212254


[INFO DRT-0195] Start 3rd optimization iteration.
    Completing 10% with 3191 violations.
    elapsed time = 00:00:00, memory = 1923.43 (MB).
    Completing 20% with 3191 violations.
    elapsed time = 00:00:03, memory = 1947.32 (MB).
    Completing 30% with 2381 violations.
    elapsed time = 00:00:20, memory = 1920.79 (MB).
    Completing 40% with 2381 violations.
    elapsed time = 00:00:23, memory = 1945.39 (MB).
    Completing 50% with 2381 violations.
    elapsed time = 00:00:31, memory = 1919.73 (MB).
    Completing 60% with 1627 violations.
    elapsed time = 00:00:33, memory = 1923.44 (MB).
    Completing 70% with 1627 violations.
    elapsed time = 00:00:35, memory = 1945.72 (MB).
    Completing 80% with 1035 violations.
    elapsed time = 00:00:45, memory = 1912.92 (MB).
    Completing 90% with 1035 violations.
    elapsed time = 00:00:47, memory = 1937.98 (MB).
    Completing 100% with 381 violations.
    elapsed time = 00:00:53, memory = 1931.12 (MB).
[INFO DRT-0199]   Number of violations = 381.
Viol/Layer        via1 metal2   via2 metal3 metal4   via4
Cut Spacing          1      0      2      0      0      1
Metal Spacing        0     76      0     11      1      0
Short                0    212      0     77      0      0
[INFO DRT-0267] cpu time = 00:05:04, elapsed time = 00:00:54, memory = 1940.37 (MB), peak = 2107.51 (MB)
Total wire length = 510314 um.
Total wire length on LAYER metal1 = 0 um.
Total wire length on LAYER metal2 = 137031 um.
Total wire length on LAYER metal3 = 179890 um.
Total wire length on LAYER metal4 = 78546 um.
Total wire length on LAYER metal5 = 67460 um.
Total wire length on LAYER metal6 = 33411 um.
Total wire length on LAYER metal7 = 8878 um.
Total wire length on LAYER metal8 = 3112 um.
Total wire length on LAYER metal9 = 1636 um.
Total wire length on LAYER metal10 = 347 um.
Total number of vias = 214746.
Up-via summary (total 214746):

-----------------
 active         0
 metal1     96693
 metal2     95505
 metal3     13391
 metal4      6035
 metal5      2397
 metal6       468
 metal7       173
 metal8        70
 metal9        14
-----------------
       214746


[INFO DRT-0195] Start 4th optimization iteration.
    Completing 10% with 381 violations.
    elapsed time = 00:00:00, memory = 1940.37 (MB).
    Completing 20% with 381 violations.
    elapsed time = 00:00:00, memory = 1940.37 (MB).
    Completing 30% with 242 violations.
    elapsed time = 00:00:09, memory = 1919.07 (MB).
    Completing 40% with 242 violations.
    elapsed time = 00:00:09, memory = 1919.07 (MB).
    Completing 50% with 242 violations.
    elapsed time = 00:00:13, memory = 1916.26 (MB).
    Completing 60% with 137 violations.
    elapsed time = 00:00:13, memory = 1914.26 (MB).
    Completing 70% with 137 violations.
    elapsed time = 00:00:13, memory = 1914.26 (MB).
    Completing 80% with 109 violations.
    elapsed time = 00:00:15, memory = 1916.85 (MB).
    Completing 90% with 109 violations.
    elapsed time = 00:00:15, memory = 1916.85 (MB).
    Completing 100% with 49 violations.
    elapsed time = 00:00:17, memory = 1923.16 (MB).
[INFO DRT-0199]   Number of violations = 49.
Viol/Layer        via1 metal2 metal3
Cut Spacing          1      0      0
Metal Spacing        0      9      2
Short                0     25     12
[INFO DRT-0267] cpu time = 00:00:36, elapsed time = 00:00:17, memory = 1937.85 (MB), peak = 2107.51 (MB)
Total wire length = 510282 um.
Total wire length on LAYER metal1 = 0 um.
Total wire length on LAYER metal2 = 136930 um.
Total wire length on LAYER metal3 = 179934 um.
Total wire length on LAYER metal4 = 78591 um.
Total wire length on LAYER metal5 = 67449 um.
Total wire length on LAYER metal6 = 33418 um.
Total wire length on LAYER metal7 = 8874 um.
Total wire length on LAYER metal8 = 3112 um.
Total wire length on LAYER metal9 = 1626 um.
Total wire length on LAYER metal10 = 347 um.
Total number of vias = 214809.
Up-via summary (total 214809):

-----------------
 active         0
 metal1     96688
 metal2     95561
 metal3     13404
 metal4      6031
 metal5      2402
 metal6       466
 metal7       173
 metal8        70
 metal9        14
-----------------
       214809


[INFO DRT-0195] Start 5th guides tiles iteration.
    Completing 10% with 49 violations.
    elapsed time = 00:00:00, memory = 1937.85 (MB).
    Completing 20% with 49 violations.
    elapsed time = 00:00:01, memory = 1946.43 (MB).
    Completing 30% with 49 violations.
    elapsed time = 00:00:01, memory = 1930.43 (MB).
    Completing 40% with 28 violations.
    elapsed time = 00:00:01, memory = 1930.43 (MB).
    Completing 50% with 28 violations.
    elapsed time = 00:00:01, memory = 1930.43 (MB).
    Completing 60% with 28 violations.
    elapsed time = 00:00:01, memory = 1930.43 (MB).
    Completing 70% with 28 violations.
    elapsed time = 00:00:04, memory = 1930.43 (MB).
    Completing 80% with 9 violations.
    elapsed time = 00:00:04, memory = 1928.43 (MB).
    Completing 90% with 9 violations.
    elapsed time = 00:00:04, memory = 1928.43 (MB).
    Completing 100% with 9 violations.
    elapsed time = 00:00:07, memory = 1920.43 (MB).
[INFO DRT-0199]   Number of violations = 9.
Viol/Layer      metal2 metal3
Short                8      1
[INFO DRT-0267] cpu time = 00:00:09, elapsed time = 00:00:07, memory = 1933.59 (MB), peak = 2108.28 (MB)
Total wire length = 510281 um.
Total wire length on LAYER metal1 = 0 um.
Total wire length on LAYER metal2 = 136928 um.
Total wire length on LAYER metal3 = 179915 um.
Total wire length on LAYER metal4 = 78614 um.
Total wire length on LAYER metal5 = 67456 um.
Total wire length on LAYER metal6 = 33405 um.
Total wire length on LAYER metal7 = 8874 um.
Total wire length on LAYER metal8 = 3112 um.
Total wire length on LAYER metal9 = 1626 um.
Total wire length on LAYER metal10 = 347 um.
Total number of vias = 214831.
Up-via summary (total 214831):

-----------------
 active         0
 metal1     96690
 metal2     95565
 metal3     13409
 metal4      6039
 metal5      2405
 metal6       466
 metal7       173
 metal8        70
 metal9        14
-----------------
       214831


[INFO DRT-0195] Start 6th guides tiles iteration.
    Completing 20% with 9 violations.
    elapsed time = 00:00:00, memory = 1933.59 (MB).
    Completing 50% with 9 violations.
    elapsed time = 00:00:00, memory = 1933.59 (MB).
    Completing 70% with 9 violations.
    elapsed time = 00:00:00, memory = 1931.59 (MB).
    Completing 100% with 8 violations.
    elapsed time = 00:00:01, memory = 1929.59 (MB).
[INFO DRT-0199]   Number of violations = 8.
Viol/Layer      metal2
Short                8
[INFO DRT-0267] cpu time = 00:00:02, elapsed time = 00:00:01, memory = 2109.02 (MB), peak = 2108.28 (MB)
Total wire length = 510280 um.
Total wire length on LAYER metal1 = 0 um.
Total wire length on LAYER metal2 = 136928 um.
Total wire length on LAYER metal3 = 179915 um.
Total wire length on LAYER metal4 = 78614 um.
Total wire length on LAYER metal5 = 67456 um.
Total wire length on LAYER metal6 = 33405 um.
Total wire length on LAYER metal7 = 8874 um.
Total wire length on LAYER metal8 = 3112 um.
Total wire length on LAYER metal9 = 1626 um.
Total wire length on LAYER metal10 = 347 um.
Total number of vias = 214830.
Up-via summary (total 214830):

-----------------
 active         0
 metal1     96690
 metal2     95564
 metal3     13409
 metal4      6039
 metal5      2405
 metal6       466
 metal7       173
 metal8        70
 metal9        14
-----------------
       214830


[INFO DRT-0195] Start 7th guides tiles iteration.
    Completing 50% with 8 violations.
    elapsed time = 00:00:00, memory = 2109.02 (MB).
    Completing 100% with 8 violations.
    elapsed time = 00:00:01, memory = 2109.02 (MB).
[INFO DRT-0199]   Number of violations = 8.
Viol/Layer      metal2
Short                8
[INFO DRT-0267] cpu time = 00:00:01, elapsed time = 00:00:01, memory = 2109.02 (MB), peak = 2108.28 (MB)
Total wire length = 510280 um.
Total wire length on LAYER metal1 = 0 um.
Total wire length on LAYER metal2 = 136928 um.
Total wire length on LAYER metal3 = 179915 um.
Total wire length on LAYER metal4 = 78614 um.
Total wire length on LAYER metal5 = 67456 um.
Total wire length on LAYER metal6 = 33405 um.
Total wire length on LAYER metal7 = 8874 um.
Total wire length on LAYER metal8 = 3112 um.
Total wire length on LAYER metal9 = 1626 um.
Total wire length on LAYER metal10 = 347 um.
Total number of vias = 214830.
Up-via summary (total 214830):

-----------------
 active         0
 metal1     96690
 metal2     95564
 metal3     13409
 metal4      6039
 metal5      2405
 metal6       466
 metal7       173
 metal8        70
 metal9        14
-----------------
       214830


[INFO DRT-0195] Start 8th stubborn tiles iteration.
    Completing 10% with 8 violations.
    elapsed time = 00:00:02, memory = 2132.79 (MB).
    Completing 20% with 8 violations.
    elapsed time = 00:00:03, memory = 2122.22 (MB).
    Completing 30% with 8 violations.
    elapsed time = 00:00:05, memory = 2170.43 (MB).
    Completing 40% with 8 violations.
    elapsed time = 00:00:06, memory = 2222.64 (MB).
    Completing 50% with 8 violations.
    elapsed time = 00:00:14, memory = 2381.35 (MB).
    Completing 60% with 8 violations.
    elapsed time = 00:00:18, memory = 2468.34 (MB).
    Completing 70% with 8 violations.
    elapsed time = 00:00:22, memory = 2544.41 (MB).
    Completing 80% with 8 violations.
    elapsed time = 00:00:25, memory = 2488.16 (MB).
    Completing 90% with 8 violations.
    elapsed time = 00:00:28, memory = 2442.97 (MB).
    Completing 100% with 0 violations.
    elapsed time = 00:00:42, memory = 2378.49 (MB).
[INFO DRT-0199]   Number of violations = 0.
[INFO DRT-0267] cpu time = 00:06:46, elapsed time = 00:00:42, memory = 2393.53 (MB), peak = 2546.72 (MB)
Total wire length = 510284 um.
Total wire length on LAYER metal1 = 0 um.
Total wire length on LAYER metal2 = 136926 um.
Total wire length on LAYER metal3 = 179912 um.
Total wire length on LAYER metal4 = 78618 um.
Total wire length on LAYER metal5 = 67460 um.
Total wire length on LAYER metal6 = 33405 um.
Total wire length on LAYER metal7 = 8874 um.
Total wire length on LAYER metal8 = 3112 um.
Total wire length on LAYER metal9 = 1626 um.
Total wire length on LAYER metal10 = 347 um.
Total number of vias = 214824.
Up-via summary (total 214824):

-----------------
 active         0
 metal1     96691
 metal2     95555
 metal3     13411
 metal4      6039
 metal5      2405
 metal6       466
 metal7       173
 metal8        70
 metal9        14
-----------------
       214824


[INFO DRT-0198] Complete detail routing.
Total wire length = 510284 um.
Total wire length on LAYER metal1 = 0 um.
Total wire length on LAYER metal2 = 136926 um.
Total wire length on LAYER metal3 = 179912 um.
Total wire length on LAYER metal4 = 78618 um.
Total wire length on LAYER metal5 = 67460 um.
Total wire length on LAYER metal6 = 33405 um.
Total wire length on LAYER metal7 = 8874 um.
Total wire length on LAYER metal8 = 3112 um.
Total wire length on LAYER metal9 = 1626 um.
Total wire length on LAYER metal10 = 347 um.
Total number of vias = 214824.
Up-via summary (total 214824):

-----------------
 active         0
 metal1     96691
 metal2     95555
 metal3     13411
 metal4      6039
 metal5      2405
 metal6       466
 metal7       173
 metal8        70
 metal9        14
-----------------
       214824


[INFO DRT-0267] cpu time = 00:41:31, elapsed time = 00:05:36, memory = 2393.53 (MB), peak = 2546.72 (MB)

[INFO DRT-0180] Post processing.
[INFO DRT-0501] Runtime: 372.14s
Took 372 seconds: detailed_route -output_drc /work/tinyRocket/18b7966f4e91c8d5/orfs/reports/nangate45/tinyRocket/base/5_route_drc.rpt -output_maze /work/tinyRocket/18b7966f4e91c8d5/orfs/results/nangate45/tinyRocket/base/maze.log -droute_end_iter 64 -verbose 1 -drc_report_iter_step 5
[WARNING GRT-0246] No diode with LEF class CORE ANTENNACELL found.
[INFO ANT-0002] Found 0 net violations.
[INFO ANT-0001] Found 0 pin violations.
[INFO ANT-0002] Found 0 net violations.
[INFO ANT-0001] Found 0 pin violations.
Design area 54716 um^2 62% utilization.
write_db /work/tinyRocket/18b7966f4e91c8d5/orfs/results/nangate45/tinyRocket/base/5_2_route.odb
Elapsed time: 6:16.61[h:]min:sec. CPU time: user 2931.73 sys 8.64 (780%). Peak memory: 2607840KB.
Log                       Ext     Elapsed/s Peak Memory/MB sha1sum result [0:20)
5_2_route                 .odb          376           2546 8e582fb5dadb32ef585b
