OpenROAD unknown 
Features included (+) or not (-): -GPU +GUI -Python
This program is licensed under the BSD-3 license. See the LICENSE file for details.
Components of this program may be licensed under more restrictive licenses which must be honored.
[INFO ORD-0030] Using 16 thread(s).
read_liberty /OpenROAD-flow-scripts/flow/platforms/nangate45/lib/NangateOpenCellLibrary_typical.lib
read_liberty /OpenROAD-flow-scripts/flow/designs/nangate45/tinyRocket/fakeram45_1024x32.lib
read_liberty /OpenROAD-flow-scripts/flow/designs/nangate45/tinyRocket/fakeram45_64x32.lib
read_db /work/tinyRocket/da29399a677d6344/orfs/results/nangate45/tinyRocket/base/3_3_place_gp.odb
read_sdc /work/tinyRocket/da29399a677d6344/orfs/results/nangate45/tinyRocket/base/2_floorplan.sdc
source /OpenROAD-flow-scripts/flow/platforms/nangate45/setRC.tcl
estimate_parasitics -placement
Perform buffer insertion and gate resizing...
repair_design -verbose
Iteration |   Area    | Resized | Buffers | Nets repaired | Remaining
---------------------------------------------------------------------
        0 |     +0.0% |       0 |       0 |             0 |     31517
     1000 |     +0.0% |       9 |      13 |            11 |     30517
     2000 |     +0.1% |      17 |      22 |            20 |     29517
     3000 |     +0.3% |      48 |      57 |            54 |     28517
     4000 |     +0.3% |      50 |      62 |            60 |     27517
     5000 |     +0.3% |      54 |      68 |            65 |     26517
     6000 |     +0.3% |      55 |      69 |            67 |     25517
     7000 |     +0.3% |      57 |      80 |            72 |     24517
     8000 |     +0.4% |      59 |      83 |            76 |     23517
     9000 |     +0.4% |      73 |      98 |            87 |     22517
    10000 |     +0.6% |     101 |     164 |           107 |     21517
    11000 |     +0.8% |     126 |     211 |           139 |     20517
    12000 |     +0.9% |     130 |     239 |           158 |     19517
    13000 |     +0.9% |     140 |     249 |           172 |     18517
    14000 |     +1.0% |     143 |     258 |           184 |     17517
    15000 |     +1.0% |     166 |     280 |           210 |     16517
    16000 |     +1.1% |     173 |     294 |           221 |     15517
    17000 |     +1.1% |     176 |     303 |           231 |     14517
    18000 |     +1.1% |     176 |     303 |           231 |     13517
    19000 |     +1.1% |     178 |     306 |           234 |     12517
    20000 |     +1.3% |     193 |     335 |           257 |     11517
    21000 |     +1.3% |     196 |     339 |           263 |     10517
    22000 |     +1.3% |     197 |     340 |           265 |      9517
    23000 |     +1.4% |     212 |     365 |           284 |      8517
    24000 |     +1.5% |     247 |     386 |           318 |      7517
    25000 |     +1.5% |     254 |     400 |           327 |      6517
    26000 |     +1.7% |     290 |     427 |           369 |      5517
    27000 |     +1.7% |     297 |     439 |           385 |      4517
    28000 |     +1.7% |     297 |     439 |           385 |      3517
    29000 |     +1.7% |     297 |     439 |           385 |      2517
    30000 |     +1.7% |     297 |     439 |           385 |      1517
    31000 |     +1.7% |     297 |     439 |           385 |       517
    final |     +1.7% |     302 |     446 |           389 |         0
---------------------------------------------------------------------
[INFO RSZ-0034] Found 265 slew violations.
[INFO RSZ-0035] Found 63 fanout violations.
[INFO RSZ-0036] Found 227 capacitance violations.
[INFO RSZ-0039] Resized 302 instances.
[INFO RSZ-0038] Inserted 446 buffers in 389 nets.
[INFO RSZ-0504] Runtime: 3.19s
Floating nets: 
Report metrics stage 3, resizer...

==========================================================================
resizer report_design_area
--------------------------------------------------------------------------
Design area 52663 um^2 59% utilization.
Instance count before 26386, after 26832
Pin count before 97558, after 98450
write_db /work/tinyRocket/da29399a677d6344/orfs/results/nangate45/tinyRocket/base/3_4_place_resized.odb
Elapsed time: 0:11.56[h:]min:sec. CPU time: user 18.90 sys 3.47 (193%). Peak memory: 239152KB.
Log                       Ext     Elapsed/s Peak Memory/MB sha1sum result [0:20)
3_4_place_resized         .odb           11            233 cca5c80e53674f375b2f
