Yosys 0.68+post (git sha1 UNKNOWN, Release, GNU /usr/local/bin/wrapped-cc/g++ 11.4.0)
Using ABC speed script.
Extracting clock period from SDC file: /work/tinyRocket/base/results/nangate45/tinyRocket/base/clock_period.txt
Setting clock period to 1.2
1. Executing Liberty frontend: /OpenROAD-flow-scripts/flow/platforms/nangate45/lib/NangateOpenCellLibrary_typical.lib
2. Executing Liberty frontend: /OpenROAD-flow-scripts/flow/designs/nangate45/tinyRocket/fakeram45_1024x32.lib
3. Executing Liberty frontend: /OpenROAD-flow-scripts/flow/designs/nangate45/tinyRocket/fakeram45_64x32.lib
4. Executing Liberty frontend: /OpenROAD-flow-scripts/flow/platforms/nangate45/lib/NangateOpenCellLibrary_typical.lib
5. Executing Liberty frontend: /OpenROAD-flow-scripts/flow/designs/nangate45/tinyRocket/fakeram45_1024x32.lib
6. Executing Liberty frontend: /OpenROAD-flow-scripts/flow/designs/nangate45/tinyRocket/fakeram45_64x32.lib
7. Executing Verilog-2005 frontend: /OpenROAD-flow-scripts/flow/designs/src/tinyRocket/AsyncResetReg.v
8. Executing Verilog-2005 frontend: /OpenROAD-flow-scripts/flow/designs/src/tinyRocket/ClockDivider2.v
9. Executing Verilog-2005 frontend: /OpenROAD-flow-scripts/flow/designs/src/tinyRocket/ClockDivider3.v
10. Executing Verilog-2005 frontend: /OpenROAD-flow-scripts/flow/designs/src/tinyRocket/plusarg_reader.v
11. Executing Verilog-2005 frontend: /OpenROAD-flow-scripts/flow/designs/src/tinyRocket/freechips.rocketchip.system.TinyConfig.v
12. Executing Verilog-2005 frontend: /OpenROAD-flow-scripts/flow/designs/nangate45/tinyRocket/freechips.rocketchip.system.TinyConfig.v
13. Executing Verilog-2005 frontend: /OpenROAD-flow-scripts/flow/platforms/nangate45/cells_clkgate.v
14. Executing HIERARCHY pass (managing design hierarchy).
15. Executing AST frontend in derive mode using pre-parsed AST for module `\RocketTile'.
15.1. Analyzing design hierarchy..
15.2. Executing AST frontend in derive mode using pre-parsed AST for module `\Rocket'.
15.3. Executing AST frontend in derive mode using pre-parsed AST for module `\PTW'.
15.4. Executing AST frontend in derive mode using pre-parsed AST for module `\HellaCacheArbiter'.
15.5. Executing AST frontend in derive mode using pre-parsed AST for module `\IntSyncCrossingSink_2'.
15.6. Executing AST frontend in derive mode using pre-parsed AST for module `\IntSyncCrossingSink_1'.
15.7. Executing AST frontend in derive mode using pre-parsed AST for module `\IntSyncCrossingSink'.
15.8. Executing AST frontend in derive mode using pre-parsed AST for module `\TLBuffer_11'.
15.9. Executing AST frontend in derive mode using pre-parsed AST for module `\TLBuffer_10'.
15.10. Executing AST frontend in derive mode using pre-parsed AST for module `\TLFragmenter_5'.
15.11. Executing AST frontend in derive mode using pre-parsed AST for module `\ScratchpadSlavePort'.
15.12. Executing AST frontend in derive mode using pre-parsed AST for module `\Frontend'.
15.13. Executing AST frontend in derive mode using pre-parsed AST for module `\DCache'.
15.14. Executing AST frontend in derive mode using pre-parsed AST for module `\IntXbar_4'.
15.15. Executing AST frontend in derive mode using pre-parsed AST for module `\TLXbar_9'.
15.16. Executing AST frontend in derive mode using pre-parsed AST for module `\TLXbar_8'.
15.17. Analyzing design hierarchy..
15.18. Executing AST frontend in derive mode using pre-parsed AST for module `\TLMonitor_36'.
15.19. Executing AST frontend in derive mode using pre-parsed AST for module `\TLMonitor_35'.
15.20. Executing AST frontend in derive mode using pre-parsed AST for module `\AMOALU'.
15.21. Executing AST frontend in derive mode using pre-parsed AST for module `\TLB'.
15.22. Executing AST frontend in derive mode using pre-parsed AST for module `\DCacheModuleanon3'.
15.23. Executing AST frontend in derive mode using pre-parsed AST for module `\DCacheDataArray'.
15.24. Executing AST frontend in derive mode using pre-parsed AST for module `\DCacheModuleanon2'.
15.25. Executing AST frontend in derive mode using pre-parsed AST for module `\TLB_1'.
15.26. Executing AST frontend in derive mode using pre-parsed AST for module `\ShiftQueue'.
15.27. Executing AST frontend in derive mode using pre-parsed AST for module `\ICache'.
15.28. Executing AST frontend in derive mode using pre-parsed AST for module `\Repeater_5'.
15.29. Executing AST frontend in derive mode using pre-parsed AST for module `\Queue_39'.
15.30. Executing AST frontend in derive mode using pre-parsed AST for module `\Queue_38'.
15.31. Executing AST frontend in derive mode using pre-parsed AST for module `\TLMonitor_37'.
15.32. Executing AST frontend in derive mode using pre-parsed AST for module `\Queue_41'.
15.33. Executing AST frontend in derive mode using pre-parsed AST for module `\Queue_40'.
15.34. Executing AST frontend in derive mode using pre-parsed AST for module `\SynchronizerShiftReg_w1_d3'.
15.35. Executing AST frontend in derive mode using pre-parsed AST for module `\PlusArgTimeout'.
15.36. Executing AST frontend in derive mode using pre-parsed AST for module `\MulDiv'.
15.37. Executing AST frontend in derive mode using pre-parsed AST for module `\ALU'.
15.38. Executing AST frontend in derive mode using pre-parsed AST for module `\BreakpointUnit'.
15.39. Executing AST frontend in derive mode using pre-parsed AST for module `\CSRFile'.
15.40. Executing AST frontend in derive mode using pre-parsed AST for module `\IBuf'.
15.41. Analyzing design hierarchy..
15.42. Executing AST frontend in derive mode using pre-parsed AST for module `\RVCExpander'.
15.43. Executing AST frontend in derive mode using pre-parsed AST for module `\plusarg_reader'.
15.44. Executing AST frontend in derive mode using pre-parsed AST for module `\plusarg_reader'.
15.45. Executing AST frontend in derive mode using pre-parsed AST for module `\data_arrays_0_0'.
15.46. Executing AST frontend in derive mode using pre-parsed AST for module `\tag_array'.
15.47. Executing AST frontend in derive mode using pre-parsed AST for module `\PMPChecker'.
15.48. Executing AST frontend in derive mode using pre-parsed AST for module `\data_arrays_0'.
15.49. Analyzing design hierarchy..
15.50. Executing AST frontend in derive mode using pre-parsed AST for module `\data_arrays_0_ext'.
15.51. Executing AST frontend in derive mode using pre-parsed AST for module `\tag_array_ext'.
15.52. Executing AST frontend in derive mode using pre-parsed AST for module `\data_arrays_0_0_ext'.
/OpenROAD-flow-scripts/flow/designs/nangate45/tinyRocket/freechips.rocketchip.system.TinyConfig.v:101: Warning: Range select out of bounds on signal `\RW0_wmask': Setting result bit to undef.
15.53. Analyzing design hierarchy..
15.54. Analyzing design hierarchy..
16. Executing OPT_CLEAN pass (remove unused cells and wires).
Warning: Ignoring module TLMonitor_37 because it contains processes (run 'proc' command first).
Warning: Ignoring module Queue_38 because it contains processes (run 'proc' command first).
Warning: Ignoring module Queue_39 because it contains processes (run 'proc' command first).
Warning: Ignoring module Repeater_5 because it contains processes (run 'proc' command first).
Warning: Ignoring module ICache because it contains processes (run 'proc' command first).
Warning: Ignoring module ShiftQueue because it contains processes (run 'proc' command first).
Warning: Ignoring module TLMonitor_35 because it contains processes (run 'proc' command first).
Warning: Ignoring module TLMonitor_36 because it contains processes (run 'proc' command first).
Warning: Ignoring module TLXbar_8 because it contains processes (run 'proc' command first).
Warning: Ignoring module DCache because it contains processes (run 'proc' command first).
Warning: Ignoring module Frontend because it contains processes (run 'proc' command first).
Warning: Ignoring module ScratchpadSlavePort because it contains processes (run 'proc' command first).
Warning: Ignoring module TLFragmenter_5 because it contains processes (run 'proc' command first).
Warning: Ignoring module HellaCacheArbiter because it contains processes (run 'proc' command first).
Warning: Ignoring module Rocket because it contains processes (run 'proc' command first).
Warning: Ignoring module tag_array_ext because it contains processes (run 'proc' command first).
Warning: Ignoring module IBuf because it contains processes (run 'proc' command first).
Warning: Ignoring module CSRFile because it contains processes (run 'proc' command first).
Warning: Ignoring module MulDiv because it contains processes (run 'proc' command first).
Warning: Ignoring module PlusArgTimeout because it contains processes (run 'proc' command first).
Warning: Ignoring module SynchronizerShiftReg_w1_d3 because it contains processes (run 'proc' command first).
Warning: Ignoring module Queue_40 because it contains processes (run 'proc' command first).
Warning: Ignoring module Queue_41 because it contains processes (run 'proc' command first).
17. Executing RTLIL backend.
Warnings: 24 unique messages, 26 total
End of script. Logfile hash: ab2fe841b3, time: 1.06s, user: 0.94s, system: 0.09s, MEM: 209.20 MB peak
Yosys 0.68+post (git sha1 UNKNOWN, Release, GNU /usr/local/bin/wrapped-cc/g++ 11.4.0)
Time spent: 66% 14x read_verilog (0 sec), 20% 1x hierarchy (0 sec), ...
Elapsed time: 0:01.08[h:]min:sec. CPU time: user 0.96 sys 0.11 (99%). Peak memory: 214224KB.
Log                       Ext     Elapsed/s Peak Memory/MB sha1sum result [0:20)
1_1_yosys_canonicalize    .rtlil          1            209 ad4afc4105509c55f767
