OpenROAD unknown 
Features included (+) or not (-): -GPU +GUI -Python
This program is licensed under the BSD-3 license. See the LICENSE file for details.
Components of this program may be licensed under more restrictive licenses which must be honored.
[INFO ORD-0030] Using 16 thread(s).
read_liberty /OpenROAD-flow-scripts/flow/platforms/nangate45/lib/NangateOpenCellLibrary_typical.lib
read_liberty /OpenROAD-flow-scripts/flow/designs/nangate45/tinyRocket/fakeram45_1024x32.lib
read_liberty /OpenROAD-flow-scripts/flow/designs/nangate45/tinyRocket/fakeram45_64x32.lib
read_db /work/tinyRocket/base/results/nangate45/tinyRocket/base/2_1_floorplan.odb
read_sdc /work/tinyRocket/base/results/nangate45/tinyRocket/base/2_1_floorplan.sdc
source /OpenROAD-flow-scripts/flow/platforms/nangate45/setRC.tcl
rtl_macro_placer -max_num_level 2 -halo_width 22.4 -halo_height 15.12 -min_ar 0.33 -area_weight 0.1 -wirelength_weight 100.0 -outline_weight 100.0 -boundary_weight 50.0 -notch_weight 50.0 -report_directory /work/tinyRocket/base/objects/nangate45/tinyRocket/base/rtlmp -fence_lx 0.0 -fence_ly 0.0 -fence_ux 0.0 -fence_uy 0.0 -target_util 0.75
[WARNING MPL-0074] -halo_width/-halo_height are deprecated, use the set_macro_base_halo command instead.
Die Area: (0.00, 0.00) (302.40, 302.40),  Floorplan Area: (2.09, 2.80) (300.39, 299.60)
	Number of std cell instances: 27712
	Area of std cell instances: 51285.86
	Number of macros: 2
	Macros to be placed: 2
	Area of macros: 2481.25
	Base halo (L, B, R, T): (22.40, 15.12, 22.40, 15.12)
	Area of macros with halos: 5282.08
	Area of std cell instances + Area of macros: 53767.11
	Floorplan area: 88535.44
	Design Utilization: 0.61
	Floorplan Utilization: 0.60
	Manufacturing Grid: 10

[INFO MPL-0500] Runtime: 1.63s
Design area 53767 um^2 61% utilization.
write_db /work/tinyRocket/base/results/nangate45/tinyRocket/base/2_2_floorplan_macro.odb
Elapsed time: 0:02.01[h:]min:sec. CPU time: user 13.51 sys 0.10 (678%). Peak memory: 132960KB.
Log                       Ext     Elapsed/s Peak Memory/MB sha1sum result [0:20)
2_2_floorplan_macro       .odb            2            129 45c89913401c742fa565
