OpenROAD unknown 
Features included (+) or not (-): -GPU +GUI -Python
This program is licensed under the BSD-3 license. See the LICENSE file for details.
Components of this program may be licensed under more restrictive licenses which must be honored.
[INFO ORD-0030] Using 16 thread(s).
read_liberty /OpenROAD-flow-scripts/flow/platforms/nangate45/lib/NangateOpenCellLibrary_typical.lib
read_liberty /OpenROAD-flow-scripts/flow/designs/nangate45/tinyRocket/fakeram45_1024x32.lib
read_liberty /OpenROAD-flow-scripts/flow/designs/nangate45/tinyRocket/fakeram45_64x32.lib
read_db /work/tinyRocket/base/results/nangate45/tinyRocket/base/3_1_place_gp_skip_io.odb
read_sdc /work/tinyRocket/base/results/nangate45/tinyRocket/base/2_floorplan.sdc
source /OpenROAD-flow-scripts/flow/platforms/nangate45/setRC.tcl
place_pins -hor_layers metal5 -ver_layers metal6
Found 2 macro blocks.
Using 2 tracks default min distance between IO pins.
[INFO PPL-0001] Number of available slots 2144
[INFO PPL-0002] Number of I/O             269
[INFO PPL-0003] Number of I/O w/sink      263
[INFO PPL-0004] Number of I/O w/o sink    6
[INFO PPL-0005] Slots per section         200
[INFO PPL-0008] Successfully assigned pins to sections.
[INFO PPL-0012] I/O nets HPWL: 10596.38 um.
Design area 53980 um^2 61% utilization.
write_db /work/tinyRocket/base/results/nangate45/tinyRocket/base/3_2_place_iop.odb
Elapsed time: 0:00.37[h:]min:sec. CPU time: user 0.29 sys 0.08 (99%). Peak memory: 132364KB.
Log                       Ext     Elapsed/s Peak Memory/MB sha1sum result [0:20)
3_2_place_iop             .odb            0            129 21521c0db8bcf8204af0
