OpenROAD unknown 
Features included (+) or not (-): -GPU +GUI -Python
This program is licensed under the BSD-3 license. See the LICENSE file for details.
Components of this program may be licensed under more restrictive licenses which must be honored.
[INFO ORD-0030] Using 16 thread(s).
read_liberty /OpenROAD-flow-scripts/flow/platforms/nangate45/lib/NangateOpenCellLibrary_typical.lib
read_liberty /OpenROAD-flow-scripts/flow/designs/nangate45/tinyRocket/fakeram45_1024x32.lib
read_liberty /OpenROAD-flow-scripts/flow/designs/nangate45/tinyRocket/fakeram45_64x32.lib
read_db /work/tinyRocket/base/results/nangate45/tinyRocket/base/2_3_floorplan_tapcell.odb
read_sdc /work/tinyRocket/base/results/nangate45/tinyRocket/base/2_1_floorplan.sdc
source /OpenROAD-flow-scripts/flow/platforms/nangate45/setRC.tcl
[WARNING PDN-1051] No instances found for grid (CORE_macro_grid_2).
[INFO PDN-0001] Inserting grid: grid
[INFO PDN-0001] Inserting grid: CORE_macro_grid_1 - dcache/data.data_arrays_0.data_arrays_0_ext.mem
[INFO PDN-0001] Inserting grid: CORE_macro_grid_1 - frontend/icache.data_arrays_0.data_arrays_0_0_ext.mem
[INFO PDN-0500] Runtime: 0.02s
Design area 53980 um^2 61% utilization.
write_db /work/tinyRocket/base/results/nangate45/tinyRocket/base/2_4_floorplan_pdn.odb
Elapsed time: 0:00.67[h:]min:sec. CPU time: user 0.58 sys 0.09 (98%). Peak memory: 138324KB.
Log                       Ext     Elapsed/s Peak Memory/MB sha1sum result [0:20)
2_4_floorplan_pdn         .odb            0            135 f2db22c3e4004ccf3359
